// Vitest Snapshot v1, https://vitest.dev/guide/snapshot.html

exports[`preload API — exposure > preserves the public preload API inventory 1`] = `
[
  "ackSoundPlay",
  "addWorkspace",
  "appendNotePage",
  "archiveConversation",
  "archiveMemory",
  "cancelConversationMigration",
  "cancelProjectSetup",
  "chatAddProvider",
  "chatAttachmentImage",
  "chatClear",
  "chatClearKey",
  "chatCodexSubscriptionLogin",
  "chatCodexSubscriptionLogout",
  "chatCodexSubscriptionStatus",
  "chatCommands",
  "chatCompact",
  "chatConfig",
  "chatContextLimitGet",
  "chatContextLimitSet",
  "chatEnsureMicAccess",
  "chatGeneratedImage",
  "chatGetConvTools",
  "chatGetFastMode",
  "chatGetMode",
  "chatGetPermMode",
  "chatGetReasoning",
  "chatGetSelection",
  "chatGptWebBrowserReset",
  "chatGptWebCapabilities",
  "chatGptWebChecks",
  "chatGptWebCompanionCopyPrompt",
  "chatGptWebCompanionCopySessionKey",
  "chatGptWebCompanionEnd",
  "chatGptWebCompanionOpen",
  "chatGptWebCompanionPrompt",
  "chatGptWebCompanionStart",
  "chatGptWebConfigure",
  "chatGptWebCreateTunnel",
  "chatGptWebLogs",
  "chatGptWebPrincipals",
  "chatGptWebProbeStart",
  "chatGptWebProbeStop",
  "chatGptWebReviewLoopShowPreview",
  "chatGptWebReviewLoopStop",
  "chatGptWebSetCapabilities",
  "chatGptWebSetChecks",
  "chatGptWebStatus",
  "chatGptWebTunnels",
  "chatHiddenModels",
  "chatHistoryPage",
  "chatHistoryStats",
  "chatMaestroConfiguratorCancel",
  "chatMaestroConfiguratorReset",
  "chatMaestroConfiguratorSend",
  "chatMaestroConfiguratorSetProfile",
  "chatMaestroConfiguratorState",
  "chatMaestroConvertToStandard",
  "chatMaestroGetConversation",
  "chatMaestroGetGlobal",
  "chatMaestroLiveCancel",
  "chatMaestroLivePost",
  "chatMaestroLiveSnapshot",
  "chatMaestroSetConversation",
  "chatMaestroSetGlobal",
  "chatMaestroStrategyProfilesCreate",
  "chatMaestroStrategyProfilesDelete",
  "chatMaestroStrategyProfilesList",
  "chatMaestroStrategyProfilesUpdate",
  "chatMcpAdd",
  "chatMcpRemove",
  "chatMcpUpdate",
  "chatModelMeta",
  "chatModels",
  "chatPermissionRespond",
  "chatPromptAdd",
  "chatPromptRemove",
  "chatPromptUpdate",
  "chatPrompts",
  "chatQuestionRespond",
  "chatRemoveProvider",
  "chatResend",
  "chatReviewLoopCompatible",
  "chatReviewLoopStart",
  "chatReviewLoopStatus",
  "chatReviewLoopStatuses",
  "chatReviewLoopStop",
  "chatRuntime",
  "chatSearchFiles",
  "chatSearchMessages",
  "chatSend",
  "chatSetAppTools",
  "chatSetAstraHarness",
  "chatSetBashFilters",
  "chatSetConvTools",
  "chatSetDefault",
  "chatSetFastMode",
  "chatSetHiddenModels",
  "chatSetImageGen",
  "chatSetImageInterpreter",
  "chatSetKey",
  "chatSetMode",
  "chatSetOpenAIHarness",
  "chatSetPermMode",
  "chatSetReasoning",
  "chatSetSelection",
  "chatSkillCreate",
  "chatSkillFromPrompt",
  "chatSkillGroupCreate",
  "chatSkillGroupRemove",
  "chatSkillGroupUpdate",
  "chatSkillGroups",
  "chatSkillInstall",
  "chatSkillRead",
  "chatSkillRemove",
  "chatSkillResetOverrides",
  "chatSkillReveal",
  "chatSkillSearch",
  "chatSkillSetEnabled",
  "chatSkillSetOverride",
  "chatSkillSetSelection",
  "chatSkills",
  "chatSkillsState",
  "chatStandardConvertToMaestro",
  "chatSteer",
  "chatStop",
  "chatSubagentProfilesCatalog",
  "chatSubagentProfilesGetConversation",
  "chatSubagentProfilesGetGlobal",
  "chatSubagentProfilesModelCatalog",
  "chatSubagentProfilesModelMeta",
  "chatSubagentProfilesSetConversation",
  "chatSubagentProfilesSetConversationEnabled",
  "chatSubagentProfilesSetGlobal",
  "chatSubagentResolve",
  "chatSubagentSessions",
  "chatSubagentTranscript",
  "chatSubagentsSetConversationEnabled",
  "chatSubscriptionAccountAdd",
  "chatSubscriptionAccountRemove",
  "chatSubscriptionAccountRename",
  "chatSubscriptionFailoverSetRoute",
  "chatSubscriptionLogin",
  "chatSubscriptionLogout",
  "chatSubscriptionStatus",
  "chatSubscriptionUsage",
  "chatToolImage",
  "chatTranscribe",
  "chatUpdateLiveReasoning",
  "chatUpdateProvider",
  "confirmLocalConversation",
  "createConversation",
  "createGroup",
  "createMemory",
  "createNotePage",
  "createSiblingConversation",
  "decidePlan",
  "deleteConversation",
  "deleteGroup",
  "deleteNotePage",
  "drawerBack",
  "drawerClearCache",
  "drawerCloseTab",
  "drawerCloseTerminal",
  "drawerCreateTerminal",
  "drawerDetach",
  "drawerDevTools",
  "drawerDisposeConversation",
  "drawerEnsureBrowser",
  "drawerEnsurePanel",
  "drawerFocusTerminal",
  "drawerForward",
  "drawerLayout",
  "drawerLoadVSCode",
  "drawerNavigate",
  "drawerNewTab",
  "drawerReattach",
  "drawerReload",
  "drawerReorderTab",
  "drawerReorderTerminal",
  "drawerRestartVSCode",
  "drawerSetActiveTerminal",
  "drawerSetFloatBounds",
  "drawerSwitchTab",
  "executeConversationMigration",
  "exportData",
  "exportMemories",
  "fetchBranches",
  "floatGoToConversation",
  "floatSetPinned",
  "forgetMemory",
  "getAppInfo",
  "getBranches",
  "getBrowserState",
  "getConversationBranchInfo",
  "getDefaultMainTabOrder",
  "getDefaultPermissionMode",
  "getFloatingState",
  "getFreeTerminalShell",
  "getLocalDataSummary",
  "getLocale",
  "getMemory",
  "getMemoryAutoReclaim",
  "getMemoryEnabled",
  "getMemoryIndexStatus",
  "getOnboardingDone",
  "getOpenTargets",
  "getPendingPlan",
  "getPerformanceDiagnostics",
  "getPlanDraft",
  "getPopupState",
  "getPreventSleepEnabled",
  "getReview",
  "getShortcuts",
  "getSoundSettings",
  "getTerminalState",
  "isChatGptVisible",
  "killPty",
  "listConversationMigrationRecoveries",
  "listConversations",
  "listGroups",
  "listLegacyMemoryBackups",
  "listMemories",
  "listNotePages",
  "listSharedMemories",
  "listWorkspaces",
  "memoryEvictionReady",
  "mergeNotes",
  "moveNotePage",
  "moveWorkspaceToGroup",
  "onBrowserState",
  "onChatCodexSubscriptionStatus",
  "onChatGptWebDelivery",
  "onChatGptWebOpen",
  "onChatGptWebStatus",
  "onChatGptWebTurnCompleted",
  "onChatMaestroConfiguratorEvent",
  "onChatMaestroLive",
  "onChatModeChanged",
  "onChatModelsCatalogChanged",
  "onChatPermission",
  "onChatReference",
  "onChatReviewLoopChanged",
  "onChatReviewLoopDelivery",
  "onChatStream",
  "onChatSubagentSession",
  "onChatSubscriptionFailover",
  "onChatSubscriptionStatus",
  "onConversationMigrationChanged",
  "onConversationOpen",
  "onDebugEnsureVscode",
  "onDrawerTerminalFocus",
  "onExecutorOpen",
  "onFloatingState",
  "onLocaleChanged",
  "onMemoryAutoReclaimChanged",
  "onMemoryChanged",
  "onMemoryIndexStatus",
  "onMemoryPressure",
  "onNotesState",
  "onPlanCleared",
  "onPlanReceived",
  "onPopupState",
  "onPrepareMemoryEviction",
  "onProjectSetupProgress",
  "onPtyData",
  "onPtyExit",
  "onRuntimeAssetChanged",
  "onShortcutsChanged",
  "onSoundPlay",
  "onStatus",
  "onTerminalFocus",
  "onTerminalPanelActivity",
  "onTerminalState",
  "onToggleDrawerShortcut",
  "onWindowFullscreen",
  "openExternal",
  "openExternalUrl",
  "openPlanFile",
  "openSharedMemory",
  "pickFolder",
  "pickProjectDirectory",
  "platformAddConnection",
  "platformBeginDeviceAuthorization",
  "platformDisconnect",
  "platformExecutorHistory",
  "platformExecutorProviders",
  "platformExecutorSettings",
  "platformInfo",
  "platformListConnections",
  "platformListProjectBindings",
  "platformListRemoteProjects",
  "platformOpenExecutorConversation",
  "platformPollDeviceAuthorization",
  "platformRemoveProjectBinding",
  "platformRunnerStart",
  "platformRunnerStatus",
  "platformRunnerStop",
  "platformSaveExecutorSettings",
  "platformSetProjectBinding",
  "popupClose",
  "popupCloseTop",
  "popupOpen",
  "popupOpenFloating",
  "popupSetSuppressed",
  "prepareConversationMigration",
  "prepareLocalConversation",
  "previewMemoryPromotion",
  "previewSound",
  "promoteMemory",
  "readMemory",
  "readNoteAsset",
  "readNotePage",
  "readTerminal",
  "rebuildMemoryIndex",
  "reclaimSafeMemoryNow",
  "removeLegacyMemoryBackup",
  "removeWorkspace",
  "renameConversation",
  "renameGroup",
  "renameNotePage",
  "reorderConversations",
  "reorderGroups",
  "reorderWorkspaces",
  "resetLocalData",
  "resetPerformanceCounters",
  "resizePty",
  "resolveConflicts",
  "resolveConversationMigration",
  "resolveEmptyRemoteProjectSetup",
  "restoreMemory",
  "runtimeAssetCancel",
  "runtimeAssetInstall",
  "runtimeAssetList",
  "runtimeAssetRemove",
  "runtimeAssetRepair",
  "runtimeAssetStatus",
  "savePlanDraft",
  "searchMemories",
  "setCloseShortcut",
  "setConvMainTabOrder",
  "setConversationPinned",
  "setDefaultMainTabOrder",
  "setDefaultPermissionMode",
  "setDrawerShortcut",
  "setFreeTerminalShell",
  "setGroupCollapsed",
  "setLocale",
  "setMemoryAutoReclaim",
  "setMemoryEnabled",
  "setOnboardingDone",
  "setPreventSleepEnabled",
  "setShortcutOpenMode",
  "setShortcuts",
  "setSoundRendererReady",
  "setSoundSettings",
  "setVisibleConversation",
  "setWorkspaceCollapsed",
  "setWorkspaceDefaultBranch",
  "signalPty",
  "startProjectSetup",
  "suppressDrawerViews",
  "testFreeTerminalShell",
  "updateMemory",
  "uploadNoteImage",
  "usageStats",
  "writeMemory",
  "writeNotePage",
  "writePty",
]
`;
